[www.valuefy.com/index.html]
[backblue.gif]
[fade.gif]
[index.html]
[use.fontawesome.com/releases/v5.3.1/css/all.css]
[www.valuefy.com/assets/images/favicon1d27.ico]
[www.valuefy.com/assets/css/stylesbundle.css]
[www.valuefy.com/assets/images/logo-hd-one.png]
[www.valuefy.com/assets/images/wealth-icon.png]
[www.valuefy.com/assets/images/asset-icon.png]
[www.valuefy.com/assets/images/wealthfy-img.png]
[www.valuefy.com/assets/images/value-at-img.png]
[www.valuefy.com/assets/images/ab-logo.jpg]
[www.valuefy.com/assets/images/saumya-rajan.png]
[www.valuefy.com/assets/images/Nilesh-Shah.png]
[www.valuefy.com/blog/index.html]
[www.valuefy.com/assets/images/play-icon.png]
[www.valuefy.com/assets/images/ficci-logo.png]
[www.valuefy.com/assets/images/aiwmi-logo.png]
[www.valuefy.com/assets/images/blog-img.png]
[www.valuefy.com/assets/images/business-today-08-Jun-2018.jpg]
[www.valuefy.com/assets/images/logo.png]
[www.valuefy.com/index.html]
[www.valuefy.com/assets/images/logo-og-large.html]
[use.fontawesome.com/releases/v5.3.1/css/all.css]
[www.valuefy.com/assets/css/stylesbundle.css]
[www.valuefy.com/contact.html]
[www.valuefy.com/index-2.html]
[www.valuefy.com/about.html]
[www.valuefy.com/client-testimonials.html]
[www.valuefy.com/news.html]
[www.valuefy.com/valueat.html]
[www.valuefy.com/white-papers.html]
[www.valuefy.com/assets/js/scriptbundle.js]
[www.valuefy.com/blog/wp-content/plugins/easy-newsletter-signups/css/wpens-stylef269.css]
[www.valuefy.com/blog/wp-content/themes/twentyseventeen/style55fe.css]
[maxcdn.bootstrapcdn.com/font-awesome/4.7.0/css/font-awesome.min55fe.css]
[www.valuefy.com/blog/wp-includes/js/jquery/jqueryb8ff.js]
[www.valuefy.com/blog/wp-includes/js/jquery/jquery-migrate.min330a.js]
[www.valuefy.com/blog/feed/index.html]
[www.valuefy.com/blog/wp-content/plugins/easy-newsletter-signups/js/wpens-publicf269.js]
[www.valuefy.com/blog/wp-content/themes/twentyseventeen/assets/js/custom55fe.js]
[www.valuefy.com/blog/index0c67.html]
[www.valuefy.com/blog/wp-json/index.html]
[www.valuefy.com/blog/wp-includes/wlwmanifest.xml]
[www.valuefy.com/blog/wp-content/uploads/2018/09/cropped-favicon-32x32.png]
[www.valuefy.com/blog/wp-content/uploads/2018/09/cropped-favicon-192x192.png]
[www.valuefy.com/blog/wp-content/uploads/2018/09/cropped-favicon-180x180.png]
[www.valuefy.com/blog/wp-content/themes/twentyseventeen/assets/images/alvaro-serrano.jpg]
[www.valuefy.com/blog/wp-content/uploads/2019/01/Valuefy-blog-23-jan-01.jpg]
[www.valuefy.com/blog/wp-content/plugins/easy-newsletter-signups/images/ajax_loader.gif]
[www.valuefy.com/blog/wp-content/uploads/2019/01/Valuefy-blog-image-02.jpg]
[www.valuefy.com/blog/wp-content/uploads/2018/12/Valuefy-Blog-Image.jpg]
[www.valuefy.com/blog/wp-content/uploads/2019/01/Valuefy-blog-23-jan-01-90x90.jpg]
[www.valuefy.com/blog/fuelled-by-data-wealth-managements-tech-transformation/index.html]
[www.valuefy.com/blog/wp-content/uploads/2019/01/Valuefy-blog-image-02-90x90.jpg]
[www.valuefy.com/blog/wp-content/uploads/2018/12/Valuefy-Blog-Image-90x90.jpg]
[www.valuefy.com/blog/page/2/index.html]
[www.valuefy.com/blog/ai-is-helping-thinly-spread-wealth-managers-save-up-to-20-of-their-time/index.html]
[www.valuefy.com/blog/page/3/index.html]
[www.valuefy.com/blog/tag/ai-in-asset-management-industry/index.html]
[www.valuefy.com/blog/tag/artificial-intelligence/index.html]
[www.valuefy.com/blog/wp-content/plugins/disqus-comment-system/public/js/comment_count952b.js]
[www.valuefy.com/blog/tag/investing/index.html]
[www.valuefy.com/blog/wp-content/themes/twentyseventeen/assets/js/skip-link-focus-fix5152.js]
[www.valuefy.com/blog/tag/investing-platform/index.html]
[www.valuefy.com/blog/wp-content/themes/twentyseventeen/assets/js/global5152.js]
[www.valuefy.com/blog/tag/investment-management/index.html]
[www.valuefy.com/blog/wp-content/themes/twentyseventeen/assets/js/jquery.scrollTo431f.js]
[www.valuefy.com/blog/wp-includes/js/wp-embed.min55fe.js]
[www.valuefy.com/blog/index.html]
[www.valuefy.com/blog/tag/investment-platform/index.html]
[www.valuefy.com/blog/tag/investment-technology/index.html]
[www.valuefy.com/blog/tag/millennial-investor/index.html]
[www.valuefy.com/blog/tag/portfolio-management/index.html]
[www.valuefy.com/blog/tag/robo-advisors/index.html]
[www.valuefy.com/blog/tag/valuefy/index.html]
[www.valuefy.com/blog/wp-content/plugins/easy-newsletter-signups/css/wpens-stylef269.css]
[www.valuefy.com/blog/wp-content/themes/twentyseventeen/style55fe.css]
[maxcdn.bootstrapcdn.com/font-awesome/4.7.0/css/font-awesome.min55fe.css]
[www.valuefy.com/blog/tag/wealth-management/index.html]
[www.valuefy.com/blog/tag/wealth-management-platform/index.html]
[www.valuefy.com/blog/comments/feed/index.html]
[www.valuefy.com/blog/index0c67.html]
[www.valuefy.com/case-study.html]
[www.valuefy.com/blog/wp-json/oembed/1.0/embede27e.json]
[www.valuefy.com/blog/wp-json/oembed/1.0/embed6b01]
[www.valuefy.com/blog/demystifying-investment-technology-wealth-tech-drivers-of-2019/index.html]
[www.valuefy.com/blog/category/robo-advisors/index.html]
[www.valuefy.com/blog/category/investment-strategy/index.html]
[www.valuefy.com/blog/wp-content/plugins/disqus-comment-system/public/js/comment_embed952b.js]
[www.valuefy.com/blog/wp-includes/js/comment-reply.min55fe.js]
[www.valuefy.com/blog/fuelled-by-data-wealth-managements-tech-transformation/index.html]
[www.valuefy.com/blog/ai-is-helping-thinly-spread-wealth-managers-save-up-to-20-of-their-time/feed/index.html]
[www.valuefy.com/blog/wp-json/oembed/1.0/embedfc48.json]
[www.valuefy.com/blog/can-robo-advisors-and-human-wealth-managers-coexist/index.html]
[www.valuefy.com/blog/ai-is-helping-thinly-spread-wealth-managers-save-up-to-20-of-their-time/index.html]
[www.valuefy.com/blog/wp-content/uploads/2018/12/Robo-Human4.jpg]
[www.valuefy.com/blog/wp-content/uploads/2018/12/Untitled-1.jpg]
[www.valuefy.com/blog/wp-content/uploads/2018/10/Millenial-Investor.jpg]
[www.valuefy.com/blog/page/2/index.html]
[www.valuefy.com/blog/wp-content/uploads/2018/10/Valuefy-Blog-Advisors-Dilemma-1.jpg]
[www.valuefy.com/blog/wp-content/uploads/2018/09/laptop-31901941-2000x1200.4a.delayed]
[www.valuefy.com/blog/page/3/index.html]
[www.valuefy.com/blog/harnessing-tech-to-drive-the-next-revolution-in-wealth-management/index.html]
[www.valuefy.com/blog/tag/ai-in-asset-management-industry/index.html]
[www.valuefy.com/blog/the-advisors-dilemma/index.html]
[www.valuefy.com/blog/tag/ai-use-cases-in-wealth-management/index.html]
[www.valuefy.com/blog/tag/artificial-intelligence/index.html]
[www.valuefy.com/blog/tag/investing/index.html]
[www.valuefy.com/blog/tag/artificial-intelligence/feed/index.html]
[www.valuefy.com/blog/tag/investing-platform/index.html]
[www.valuefy.com/blog/tag/ai-in-asset-management-industry/feed/index.html]
[www.valuefy.com/blog/tag/investment-management/index.html]
[www.valuefy.com/blog/tag/investment-platform/index.html]
[www.valuefy.com/blog/tag/investing-platform/feed/index.html]
[www.valuefy.com/blog/tag/investment-technology/index.html]
[www.valuefy.com/blog/tag/investment-management-platform/index.html]
[www.valuefy.com/blog/tag/millennial-investor/index.html]
[www.valuefy.com/blog/tag/portfolio-management/index.html]
[www.valuefy.com/blog/tag/portfolio-management/feed/index.html]
[www.valuefy.com/blog/tag/robo-advisors/index.html]
[www.valuefy.com/blog/tag/investment-technology/feed/index.html]
[www.valuefy.com/blog/tag/robo-advisors/feed/index.html]
[www.valuefy.com/blog/tag/millennial-investor/feed/index.html]
[www.valuefy.com/blog/tag/valuefy/index.html]
[www.valuefy.com/blog/tag/robo-advisory/index.html]
[www.valuefy.com/blog/tag/wealth-management/index.html]
[www.valuefy.com/blog/tag/technology/index.html]
[www.valuefy.com/blog/tag/wealth-management-platform/index.html]
[www.valuefy.com/blog/tag/wealth-advisors/index.html]
[www.valuefy.com/knowledge-center.html]
[www.valuefy.com/wealthfy.html]
[www.valuefy.com/case-studies.html]
[www.valuefy.com/blog/wp-content/themes/twentyseventeen/assets/images/laptop.html]
[www.valuefy.com/blog/wp-content/themes/twentyseventeen/assets/images/about-us.html]
[www.valuefy.com/blog/fancybox_sprite@2x.html]
[www.valuefy.com/images/load-icon.html]
[www.valuefy.com/blog/tag/valuefy/feed/index.html]
[www.valuefy.com/blog/tag/wealth-management/feed/index.html]
[www.valuefy.com/blog/tag/wealth-management-platform/feed/index.html]
[www.valuefy.com/blog/demystifying-investment-technology-wealth-tech-drivers-of-2019/feed/index.html]
[www.valuefy.com/blog/wp-json/oembed/1.0/embed2d56]
[www.valuefy.com/blog/demystifying-investment-technology-wealth-tech-drivers-of-2019/index.html]
[www.valuefy.com/blog/xmlrpc.php]
[www.valuefy.com/blog/author/valuefy/index.html]
[www.valuefy.com/blog/category/investment-strategy/index.html]
[www.valuefy.com/blog/category/robo-advisors/index.html]
[www.valuefy.com/blog/category/investment-strategy/page/2/index.html]
[www.valuefy.com/blog/category/wealth-management/index.html]
[www.valuefy.com/blog/category/robo-advisors/feed/index.html]
[www.valuefy.com/blog/can-robo-advisors-and-human-wealth-managers-coexist/feed/index.html]
[www.valuefy.com/blog/wp-json/oembed/1.0/embed5733.json]
[www.valuefy.com/blog/wp-json/oembed/1.0/embed3636]
[www.valuefy.com/blog/can-robo-advisors-and-human-wealth-managers-coexist/index.html]
[www.valuefy.com/blog/robo-advisory-is-fostering-a-revolution-in-diy-investing/index.html]
[www.valuefy.com/blog/the-millennial-investor-once-bitten-twice-shy/index.html]
[www.valuefy.com/blog/the-advisors-dilemma/feed/index.html]
[www.valuefy.com/blog/the-advisors-dilemma/index.html]
[www.valuefy.com/blog/category/uncategorized/index.html]
[www.valuefy.com/blog/harnessing-tech-to-drive-the-next-revolution-in-wealth-management/feed/index.html]
[www.valuefy.com/blog/wp-json/oembed/1.0/embed8cc9.json]
[www.valuefy.com/blog/wp-json/oembed/1.0/embede8cb]
[www.valuefy.com/blog/harnessing-tech-to-drive-the-next-revolution-in-wealth-management/index.html]
[www.valuefy.com/blog/tag/ai-use-cases-in-wealth-management/index.html]
[www.valuefy.com/blog/tag/investment-management-platform/index.html]
[www.valuefy.com/blog/tag/investment-management/feed/index.html]
[www.valuefy.com/blog/tag/investing/feed/index.html]
[www.valuefy.com/blog/tag/robo-advisory/index.html]
[www.valuefy.com/blog/tag/ai-use-cases-in-wealth-management/feed/index.html]
[www.valuefy.com/blog/tag/technology/index.html]
[www.valuefy.com/blog/tag/investment-management-platform/feed/index.html]
[www.valuefy.com/blog/tag/wealth-advisors/index.html]
[www.valuefy.com/blog/tag/robo-advisory/feed/index.html]
[www.valuefy.com/privacy-policy.html]
[www.valuefy.com/blog/xmlrpc0db0.html]
[www.valuefy.com/blog/index17d5.html]
[www.valuefy.com/blog/tag/wealth-advisors/feed/index.html]
[www.valuefy.com/blog/tag/investment-platform/feed/index.html]
[www.valuefy.com/blog/index8af0.html]
[www.valuefy.com/blog/author/valuefy/index.html]
[www.valuefy.com/blog/tag/technology/feed/index.html]
[www.valuefy.com/blog/author/valuefy/feed/index.html]
[www.valuefy.com/blog/author/valuefy/page/2/index.html]
[www.valuefy.com/blog/category/investment-strategy/page/2/index.html]
[www.valuefy.com/blog/category/wealth-management/index.html]
[www.valuefy.com/blog/index421d.html]
[www.valuefy.com/blog/index1611.html]
[www.valuefy.com/blog/author/valuefy/page/3/index.html]
[www.valuefy.com/blog/category/investment-strategy/feed/index.html]
[www.valuefy.com/blog/category/wealth-management/feed/index.html]
[www.valuefy.com/blog/wp-json/oembed/1.0/embed70ac.json]
[www.valuefy.com/blog/robo-advisory-is-fostering-a-revolution-in-diy-investing/feed/index.html]
[www.valuefy.com/blog/wp-json/oembed/1.0/embed88e1]
[www.valuefy.com/blog/robo-advisory-is-fostering-a-revolution-in-diy-investing/index.html]
[www.valuefy.com/blog/wp-json/oembed/1.0/embed59aa]
[www.valuefy.com/blog/the-millennial-investor-once-bitten-twice-shy/index.html]
[www.valuefy.com/blog/indexbbbb.html]
[www.valuefy.com/blog/category/uncategorized/index.html]
[www.valuefy.com/blog/tag/do-it-yourself/index.html]
[www.valuefy.com/blog/wp-content/themes/twentyseventeen/assets/images/blog-banner.html]
[www.valuefy.com/blog/fancybox_loading@2x.html]
[www.valuefy.com/blog/fuelled-by-data-wealth-managements-tech-transformation/feed/index.html]
[www.valuefy.com/blog/author/valuefy/page/2/index.html]
[www.valuefy.com/blog/author/valuefy/page/3/index.html]
[www.valuefy.com/blog/wp-json/oembed/1.0/embed1868.html]
[www.valuefy.com/blog/index60d6.html]
[www.valuefy.com/blog/index30a5.html]
[www.valuefy.com/blog/category/uncategorized/feed/index.html]
[www.valuefy.com/blog/wp-json/oembed/1.0/embed017e.html]
[www.valuefy.com/blog/category/investment-technology/index.html]
[www.valuefy.com/blog/the-millennial-investor-once-bitten-twice-shy/feed/index.html]
[www.valuefy.com/blog/wp-json/oembed/1.0/embed58be.html]
[www.valuefy.com/blog/wp-json/oembed/1.0/embed2718.html]
[www.valuefy.com/blog/index7665.html]
[www.valuefy.com/blog/wp-json/oembed/1.0/embedb551.html]
